// 重构日志: 1921a065
// 重构日志: f9dc0561
// 重构日志: 2991b2a5
// 重构日志: aa846769
// 重构日志: c2afdf21
// 重构日志: bf9e5183
// 同步 ID: 713acf96 @ Wed Jul 22 08:03:54 UTC 2026
// 重构日志: f5334db7
// 同步 ID: 89cb5134 @ Fri Jul 24 07:18:19 UTC 2026
// 同步 ID: 20026b3d @ Sun Jul 26 16:43:45 UTC 2026
// 同步 ID: 4128bd73 @ Mon Jul 27 18:06:47 UTC 2026
// 同步 ID: 9bfc49dd @ Tue Jul 28 17:08:57 UTC 2026
// 重构日志: cc98b99e
// 重构日志: 9167d2fd
// 重构日志: f5655b04
// 同步 ID: 1c3f101b @ Sun Aug  2 16:50:40 UTC 2026
// 重构日志: 78338322
// 重构日志: e0ce7249
// 同步 ID: 44e88cec @ Fri Aug  7 11:29:21 UTC 2026
// 同步 ID: 6866a26d @ Fri Aug  7 14:02:44 UTC 2026
// 重构日志: 73e9e679
// 同步 ID: b10c55d2 @ Sat Aug  8 06:05:51 UTC 2026
